SELECT build_json_array('a',1,'b',1.2,'c',true,'d',null,'e',json '{"x": 3, "y": [1,2,3]}');
                           build_json_array                            
-----------------------------------------------------------------------
 ["a", 1, "b", 1.2, "c", true, "d", null, "e", {"x": 3, "y": [1,2,3]}]
(1 row)

SELECT build_json_object('a',1,'b',1.2,'c',true,'d',null,'e',json '{"x": 3, "y": [1,2,3]}');
                             build_json_object                              
----------------------------------------------------------------------------
 {"a" : 1, "b" : 1.2, "c" : true, "d" : null, "e" : {"x": 3, "y": [1,2,3]}}
(1 row)

SELECT build_json_object( 
       'a', build_json_object('b',false,'c',99), 
       'd', build_json_object('e',array[9,8,7]::int[],
           'f', (select row_to_json(r) from ( select relkind, oid::regclass as name from pg_class where relname = 'pg_class') r)));
                                        build_json_object                                        
-------------------------------------------------------------------------------------------------
 {"a" : {"b" : false, "c" : 99}, "d" : {"e" : [9,8,7], "f" : {"relkind":"r","name":"pg_class"}}}
(1 row)

